// Jest Snapshot v1, https://goo.gl/fbAQLP

exports[`queries ads 1`] = `
Object {
  "data": Object {
    "ads": Array [
      Object {
        "content": "wow",
      },
    ],
  },
  "errors": undefined,
  "extensions": undefined,
  "http": Object {
    "headers": Headers {
      Symbol(map): Object {},
    },
  },
}
`;
